<!DOCTYPE html>
<html>
<head>
    <meta charset='utf-8'>
    <meta name="viewport" content="width=device-width, initial-scale=1.0">
    <title>Manuel André</title>
    <meta name='viewport' content='width=device-width, initial-scale=1'>
    <link rel='stylesheet' type='text/css' media='screen' href='css/main.css'>
    <script src="https://kit.fontawesome.com/a076d05399.js" crossorigin="anonymous"></script>
    <script src="https://code.jquery.com/jquery-3.7.1.min.js"></script>
</head>
<body>

    <nav class="navbar">
        <div class="max-width">
            <div class="logo"><a href="#">Manuel <span>Andre'.</span></a></div>
            <ul class="menu">
                <li><a href="#">Home</a></li>
                <li><a href="#">About</a></li>
                <li><a href="#">Service</a></li>
                <li><a href="#">Skills</a></li>
                <li><a href="#">Teams</a></li>
                <li><a href="#">Contact</a></li>
            </ul>
            <div class="menu-btn">
                <i class="fas fa-bars"></i>
            </div>
        </div>
    </nav>

    <!--home section start-->

    <section class="home" id="home">
        <div class="max-width">
            <div class="home-content">
                <div class="text-1">Hello, my name is</div>
                <div class="text-2">Manuel André</div>
                <div class="text-3">And I am a <span>Devloper Web</span> </div>

            </div>
        </div>
    </section>

    <p>generic (buildd@lcy02-amd64-100) (x86_64-linux-gnu-gcc-13 (Ubuntu 13.2.0-23ubuntu4) 13.2.0, GNU ld (GNU Binutils for Ubuntu) 2.42) #41-Ubuntu SMP PREEMPT_DYNAMIC Fri Aug  2 20:41:06 UTC 2024 (Ubuntu 6.8.0-41.41-generic 6.8.12)
        Aug 27 06:33:23 alfa-97-VPCEH1S1E kernel: Command line: BOOT_IMAGE=/vmlinuz-6.8.0-41-generic root=/dev/mapper/ubuntu--vg-ubuntu--lv ro quiet splash vt.handoff=7
        Aug 27 06:33:23 alfa-97-VPCEH1S1E kernel: KERNEL supported cpus:
        Aug 27 06:33:23 alfa-97-VPCEH1S1E kernel:   Intel GenuineIntel
        Aug 27 06:33:23 alfa-97-VPCEH1S1E kernel:   AMD AuthenticAMD
        Aug 27 06:33:23 alfa-97-VPCEH1S1E kernel:   Hygon HygonGenuine
        Aug 27 06:33:23 alfa-97-VPCEH1S1E kernel:   Centaur CentaurHauls
        Aug 27 06:33:23 alfa-97-VPCEH1S1E kernel:   zhaoxin   Shanghai  
        Aug 27 06:33:23 alfa-97-VPCEH1S1E kernel: BIOS-provided physical RAM map:
        Aug 27 06:33:23 alfa-97-VPCEH1S1E kernel: BIOS-e820: [mem 0x0000000000000000-0x000000000009d7ff] usable
        Aug 27 06:33:23 alfa-97-VPCEH1S1E kernel: BIOS-e820: [mem 0x000000000009d800-0x000000000009ffff] reserved
        Aug 27 06:33:23 alfa-97-VPCEH1S1E kernel: BIOS-e820: [mem 0x00000000000e0000-0x00000000000fffff] reserved
        Aug 27 06:33:23 alfa-97-VPCEH1S1E kernel: BIOS-e820: [mem 0x0000000000100000-0x00000000bf63efff] usable
        Aug 27 06:33:23 alfa-97-VPCEH1S1E kernel: BIOS-e820: [mem 0x00000000bf63f000-0x00000000bf6befff] reserved
        Aug 27 06:33:23 alfa-97-VPCEH1S1E kernel: BIOS-e820: [mem 0x00000000bf6bf000-0x00000000bf7befff] ACPI NVS
        Aug 27 06:33:23 alfa-97-VPCEH1S1E kernel: BIOS-e820: [mem 0x00000000bf7bf000-0x00000000bf7fefff] ACPI data
        Aug 27 06:33:23 alfa-97-VPCEH1S1E kernel: BIOS-e820: [mem 0x00000000bf7ff000-0x00000000bf7fffff] usable
        Aug 27 06:33:23 alfa-97-VPCEH1S1E kernel: BIOS-e820: [mem 0x00000000bf800000-0x00000000bfffffff] reserved</p>

        <script src='js/main.js'></script>
</body>
</html>